
> jiu-jitsu@0.0.0 test
> vitest run


 RUN  v4.1.8 C:/Users/Usuario/Desktop/JIU JITSU/.publish-main-tmp

node.exe : stderr | src/test/payment.test.js > Pagamentos de mensalidade > createPayment > com espelho FINANCIAL_TX e 
writeback desligado, n├úo chama updateDocument com financial_tx_id
No linha:1 caractere:1
+ & "C:\Program Files\nodejs/node.exe" "C:\Program Files\nodejs/node_mo ...
+ ~~~~~~~~~~~~~~~~~~~~~~~~~~~~~~~~~~~~~~~~~~~~~~~~~~~~~~~~~~~~~~~~~~~~~
    + CategoryInfo          : NotSpecified: (stderr | src/te...financial_tx_id:String) [], RemoteException
    + FullyQualifiedErrorId : NativeCommandError
 
{"event":"journal_auto_failed","tx_id":"tx-100","academy_id":"acad-1","error":"montar_lancamento_null"}

 ÔØ» src/test/payment.test.js (17 tests | 1 failed) 2054ms
       ├ù com espelho FINANCIAL_TX e writeback desligado, n├úo chama updateDocument com financial_tx_id 29ms
stdout | src/test/useFinanceConfigState.test.js > useFinanceConfigState > recarrega do servidor quando o cache local tem contas mas os planos ainda estao vazios
Appwrite config: {
  buildMarker: 'FORCE_SFO_ENDPOINT_1',
  endpoint: 'https://sfo.cloud.appwrite.io/v1',
  project: '699f020c00171ce26206',
  database: 'test-db',
  leadsCol: 'test-leads',
  studentsCol: 'test-students',
  academiesCol: '699f1068000e1b1ca1d2',
  inventoryMoveFn: '(unset)',
  salesCreateFn: '(unset)',
  salesCancelFn: '(unset)'
}

 ÔØ» src/test/useFinanceConfigState.test.js (3 tests | 1 failed) 2475ms
     ├ù recarrega do servidor quando o cache local tem contas mas os planos ainda estao vazios 2233ms
 ÔØ» src/test/studentProfilePaymentFlow.test.jsx (0 test)
stderr | src/test/cobrancaPanel.test.jsx > CobrancaPanel > renderiza filtros de etapa e fila
[CobrancaPanel] Error: [vitest] No "fetchCollectionQueueCached" export is defined on the 
"../lib/collectionQueueApi.js" mock. Did you forget to return it from "vi.mock"?
If you need to partially mock a module, you can use "importOriginal" helper inside:

    at VitestMocker.createError (file:///C:/Users/Usuario/Desktop/JIU%20JITSU/.publish-main-tmp/node_modules/vitest/dis
t/chunks/startVitestModuleRunner.bRl2_oI_.js:62:17)
    at Object.get (file:///C:/Users/Usuario/Desktop/JIU%20JITSU/.publish-main-tmp/node_modules/vitest/dist/chunks/start
VitestModuleRunner.bRl2_oI_.js:324:16)
    at C:/Users/Usuario/Desktop/JIU JITSU/.publish-main-tmp/src/components/finance/CobrancaPanel.jsx:53:26
    at C:/Users/Usuario/Desktop/JIU JITSU/.publish-main-tmp/src/components/finance/CobrancaPanel.jsx:77:10
    at Object.react_stack_bottom_frame (C:\Users\Usuario\Desktop\JIU 
JITSU\.publish-main-tmp\node_modules\react-dom\cjs\react-dom-client.development.js:25989:20)
    at runWithFiberInDEV (C:\Users\Usuario\Desktop\JIU 
JITSU\.publish-main-tmp\node_modules\react-dom\cjs\react-dom-client.development.js:874:13)
    at commitHookEffectListMount (C:\Users\Usuario\Desktop\JIU 
JITSU\.publish-main-tmp\node_modules\react-dom\cjs\react-dom-client.development.js:13249:29)
    at commitHookPassiveMountEffects (C:\Users\Usuario\Desktop\JIU 
JITSU\.publish-main-tmp\node_modules\react-dom\cjs\react-dom-client.development.js:13336:11)
    at commitPassiveMountOnFiber (C:\Users\Usuario\Desktop\JIU 
JITSU\.publish-main-tmp\node_modules\react-dom\cjs\react-dom-client.development.js:15484:13)
    at recursivelyTraversePassiveMountEffects (C:\Users\Usuario\Desktop\JIU 
JITSU\.publish-main-tmp\node_modules\react-dom\cjs\react-dom-client.development.js:15439:11) {
  codeFrame: 'vi.mock(import("../lib/collectionQueueApi.js"), async (importOriginal) => {\n' +
    '  const actual = await importOriginal()\n' +
    '  return {\n' +
    '    ...actual,\n' +
    '    // your mocked methods\n' +
    '  }\n' +
    '})'
}

stderr | src/test/cobrancaPanel.test.jsx > CobrancaPanel > expande meses em aberto
[CobrancaPanel] Error: [vitest] No "fetchCollectionQueueCached" export is defined on the 
"../lib/collectionQueueApi.js" mock. Did you forget to return it from "vi.mock"?
If you need to partially mock a module, you can use "importOriginal" helper inside:

    at VitestMocker.createError (file:///C:/Users/Usuario/Desktop/JIU%20JITSU/.publish-main-tmp/node_modules/vitest/dis
t/chunks/startVitestModuleRunner.bRl2_oI_.js:62:17)
    at Object.get (file:///C:/Users/Usuario/Desktop/JIU%20JITSU/.publish-main-tmp/node_modules/vitest/dist/chunks/start
VitestModuleRunner.bRl2_oI_.js:324:16)
    at C:/Users/Usuario/Desktop/JIU JITSU/.publish-main-tmp/src/components/finance/CobrancaPanel.jsx:53:26
    at C:/Users/Usuario/Desktop/JIU JITSU/.publish-main-tmp/src/components/finance/CobrancaPanel.jsx:77:10
    at Object.react_stack_bottom_frame (C:\Users\Usuario\Desktop\JIU 
JITSU\.publish-main-tmp\node_modules\react-dom\cjs\react-dom-client.development.js:25989:20)
    at runWithFiberInDEV (C:\Users\Usuario\Desktop\JIU 
JITSU\.publish-main-tmp\node_modules\react-dom\cjs\react-dom-client.development.js:874:13)
    at commitHookEffectListMount (C:\Users\Usuario\Desktop\JIU 
JITSU\.publish-main-tmp\node_modules\react-dom\cjs\react-dom-client.development.js:13249:29)
    at commitHookPassiveMountEffects (C:\Users\Usuario\Desktop\JIU 
JITSU\.publish-main-tmp\node_modules\react-dom\cjs\react-dom-client.development.js:13336:11)
    at commitPassiveMountOnFiber (C:\Users\Usuario\Desktop\JIU 
JITSU\.publish-main-tmp\node_modules\react-dom\cjs\react-dom-client.development.js:15484:13)
    at recursivelyTraversePassiveMountEffects (C:\Users\Usuario\Desktop\JIU 
JITSU\.publish-main-tmp\node_modules\react-dom\cjs\react-dom-client.development.js:15439:11) {
  codeFrame: 'vi.mock(import("../lib/collectionQueueApi.js"), async (importOriginal) => {\n' +
    '  const actual = await importOriginal()\n' +
    '  return {\n' +
    '    ...actual,\n' +
    '    // your mocked methods\n' +
    '  }\n' +
    '})'
}

stdout | src/test/cobrancaPanel.test.jsx
Appwrite config: {
  buildMarker: 'FORCE_SFO_ENDPOINT_1',
  endpoint: 'https://sfo.cloud.appwrite.io/v1',
  project: '699f020c00171ce26206',
  database: 'test-db',
  leadsCol: 'test-leads',
  studentsCol: 'test-students',
  academiesCol: '699f1068000e1b1ca1d2',
  inventoryMoveFn: '(unset)',
  salesCreateFn: '(unset)',
  salesCancelFn: '(unset)'
}

 ÔØ» src/test/cobrancaPanel.test.jsx (2 tests | 2 failed) 2573ms
     ├ù renderiza filtros de etapa e fila 1396ms
     ├ù expande meses em aberto 1168ms
 ÔØ» lib/server/__tests__/pagbankMirrorOriginId.test.js (4 tests | 1 failed) 427ms
     ├ù webhook paid: upsert antes do espelho e origin_id = student_payments.$id 47ms
stderr | lib/server/__tests__/pagbankMirrorOriginId.test.js > PagBank mirror origin_id > webhook paid: upsert antes do 
espelho e origin_id = student_payments.$id
[pagbankWebhookHandler] [vitest] No "financeTxOptionalPatchForAppwrite" export is defined on the 
"../financeTxFields.js" mock. Did you forget to return it from "vi.mock"?
If you need to partially mock a module, you can use "importOriginal" helper inside:
 { academyId: 'ac-1' }

stderr | src/test/mensalidadesPanel.test.jsx > MensalidadesPanel > limpa o filtro de busca quando a rota volta sem o 
parametro search
Error handled by React Router default ErrorBoundary: Error: [vitest] No "resolveMensalidadeDueDate" export is defined 
on the "../lib/collectionOverdue.js" mock. Did you forget to return it from "vi.mock"?
If you need to partially mock a module, you can use "importOriginal" helper inside:

    at VitestMocker.createError (file:///C:/Users/Usuario/Desktop/JIU%20JITSU/.publish-main-tmp/node_modules/vitest/dis
t/chunks/startVitestModuleRunner.bRl2_oI_.js:62:17)
    at Object.get (file:///C:/Users/Usuario/Desktop/JIU%20JITSU/.publish-main-tmp/node_modules/vitest/dist/chunks/start
VitestModuleRunner.bRl2_oI_.js:324:16)
    at getRowStatus (C:/Users/Usuario/Desktop/JIU 
JITSU/.publish-main-tmp/src/components/finance/MensalidadesPanel.jsx:149:14)
    at getRowStatus (C:/Users/Usuario/Desktop/JIU 
JITSU/.publish-main-tmp/src/components/finance/MensalidadesPanel.jsx:1441:52)
    at default (C:/Users/Usuario/Desktop/JIU JITSU/.publish-main-tmp/src/test/mensalidadesPanel.test.jsx:100:33)
    at Object.react_stack_bottom_frame (C:\Users\Usuario\Desktop\JIU 
JITSU\.publish-main-tmp\node_modules\react-dom\cjs\react-dom-client.development.js:25904:20)
    at renderWithHooks (C:\Users\Usuario\Desktop\JIU 
JITSU\.publish-main-tmp\node_modules\react-dom\cjs\react-dom-client.development.js:7662:22)
    at updateFunctionComponent (C:\Users\Usuario\Desktop\JIU 
JITSU\.publish-main-tmp\node_modules\react-dom\cjs\react-dom-client.development.js:10166:19)
    at beginWork (C:\Users\Usuario\Desktop\JIU 
JITSU\.publish-main-tmp\node_modules\react-dom\cjs\react-dom-client.development.js:11778:18)
    at runWithFiberInDEV (C:\Users\Usuario\Desktop\JIU 
JITSU\.publish-main-tmp\node_modules\react-dom\cjs\react-dom-client.development.js:874:13) {
  codeFrame: 'vi.mock(import("../lib/collectionOverdue.js"), async (importOriginal) => {\n' +
    '  const actual = await importOriginal()\n' +
    '  return {\n' +
    '    ...actual,\n' +
    '    // your mocked methods\n' +
    '  }\n' +
    '})'
}
Error handled by React Router default ErrorBoundary: Error: [vitest] No "resolveMensalidadeDueDate" export is defined 
on the "../lib/collectionOverdue.js" mock. Did you forget to return it from "vi.mock"?
If you need to partially mock a module, you can use "importOriginal" helper inside:

    at VitestMocker.createError (file:///C:/Users/Usuario/Desktop/JIU%20JITSU/.publish-main-tmp/node_modules/vitest/dis
t/chunks/startVitestModuleRunner.bRl2_oI_.js:62:17)
    at Object.get (file:///C:/Users/Usuario/Desktop/JIU%20JITSU/.publish-main-tmp/node_modules/vitest/dist/chunks/start
VitestModuleRunner.bRl2_oI_.js:324:16)
    at getRowStatus (C:/Users/Usuario/Desktop/JIU 
JITSU/.publish-main-tmp/src/components/finance/MensalidadesPanel.jsx:149:14)
    at getRowStatus (C:/Users/Usuario/Desktop/JIU 
JITSU/.publish-main-tmp/src/components/finance/MensalidadesPanel.jsx:1441:52)
    at default (C:/Users/Usuario/Desktop/JIU JITSU/.publish-main-tmp/src/test/mensalidadesPanel.test.jsx:100:33)
    at Object.react_stack_bottom_frame (C:\Users\Usuario\Desktop\JIU 
JITSU\.publish-main-tmp\node_modules\react-dom\cjs\react-dom-client.development.js:25904:20)
    at renderWithHooks (C:\Users\Usuario\Desktop\JIU 
JITSU\.publish-main-tmp\node_modules\react-dom\cjs\react-dom-client.development.js:7662:22)
    at updateFunctionComponent (C:\Users\Usuario\Desktop\JIU 
JITSU\.publish-main-tmp\node_modules\react-dom\cjs\react-dom-client.development.js:10166:19)
    at beginWork (C:\Users\Usuario\Desktop\JIU 
JITSU\.publish-main-tmp\node_modules\react-dom\cjs\react-dom-client.development.js:11778:18)
    at runWithFiberInDEV (C:\Users\Usuario\Desktop\JIU 
JITSU\.publish-main-tmp\node_modules\react-dom\cjs\react-dom-client.development.js:874:13) {
  codeFrame: 'vi.mock(import("../lib/collectionOverdue.js"), async (importOriginal) => {\n' +
    '  const actual = await importOriginal()\n' +
    '  return {\n' +
    '    ...actual,\n' +
    '    // your mocked methods\n' +
    '  }\n' +
    '})'
}
Error: [vitest] No "resolveMensalidadeDueDate" export is defined on the "../lib/collectionOverdue.js" mock. Did you 
forget to return it from "vi.mock"?
If you need to partially mock a module, you can use "importOriginal" helper inside:

    at VitestMocker.createError (file:///C:/Users/Usuario/Desktop/JIU%20JITSU/.publish-main-tmp/node_modules/vitest/dis
t/chunks/startVitestModuleRunner.bRl2_oI_.js:62:17)
    at Object.get (file:///C:/Users/Usuario/Desktop/JIU%20JITSU/.publish-main-tmp/node_modules/vitest/dist/chunks/start
VitestModuleRunner.bRl2_oI_.js:324:16)
    at getRowStatus (C:/Users/Usuario/Desktop/JIU 
JITSU/.publish-main-tmp/src/components/finance/MensalidadesPanel.jsx:149:14)
    at getRowStatus (C:/Users/Usuario/Desktop/JIU 
JITSU/.publish-main-tmp/src/components/finance/MensalidadesPanel.jsx:1441:52)
    at default (C:/Users/Usuario/Desktop/JIU JITSU/.publish-main-tmp/src/test/mensalidadesPanel.test.jsx:100:33)
    at Object.react_stack_bottom_frame (C:\Users\Usuario\Desktop\JIU 
JITSU\.publish-main-tmp\node_modules\react-dom\cjs\react-dom-client.development.js:25904:20)
    at renderWithHooks (C:\Users\Usuario\Desktop\JIU 
JITSU\.publish-main-tmp\node_modules\react-dom\cjs\react-dom-client.development.js:7662:22)
    at updateFunctionComponent (C:\Users\Usuario\Desktop\JIU 
JITSU\.publish-main-tmp\node_modules\react-dom\cjs\react-dom-client.development.js:10166:19)
    at beginWork (C:\Users\Usuario\Desktop\JIU 
JITSU\.publish-main-tmp\node_modules\react-dom\cjs\react-dom-client.development.js:11778:18)
    at runWithFiberInDEV (C:\Users\Usuario\Desktop\JIU 
JITSU\.publish-main-tmp\node_modules\react-dom\cjs\react-dom-client.development.js:874:13) {
  [stack]: [Getter/Setter],
  [message]: '[vitest] No "resolveMensalidadeDueDate" export is defined on the "../lib/collectionOverdue.js" mock. Did 
you forget to return it from "vi.mock"?\n' +
    'If you need to partially mock a module, you can use "importOriginal" helper inside:\n',
  codeFrame: 'vi.mock(import("../lib/collectionOverdue.js"), async (importOriginal) => {\n' +
    '  const actual = await importOriginal()\n' +
    '  return {\n' +
    '    ...actual,\n' +
    '    // your mocked methods\n' +
    '  }\n' +
    '})'
}

The above error occurred in the <default> component.

React will try to recreate this component tree from scratch using the error boundary you provided, RenderErrorBoundary.

React Router caught the following error during render Error: [vitest] No "resolveMensalidadeDueDate" export is defined 
on the "../lib/collectionOverdue.js" mock. Did you forget to return it from "vi.mock"?
If you need to partially mock a module, you can use "importOriginal" helper inside:

    at VitestMocker.createError (file:///C:/Users/Usuario/Desktop/JIU%20JITSU/.publish-main-tmp/node_modules/vitest/dis
t/chunks/startVitestModuleRunner.bRl2_oI_.js:62:17)
    at Object.get (file:///C:/Users/Usuario/Desktop/JIU%20JITSU/.publish-main-tmp/node_modules/vitest/dist/chunks/start
VitestModuleRunner.bRl2_oI_.js:324:16)
    at getRowStatus (C:/Users/Usuario/Desktop/JIU 
JITSU/.publish-main-tmp/src/components/finance/MensalidadesPanel.jsx:149:14)
    at getRowStatus (C:/Users/Usuario/Desktop/JIU 
JITSU/.publish-main-tmp/src/components/finance/MensalidadesPanel.jsx:1441:52)
    at default (C:/Users/Usuario/Desktop/JIU JITSU/.publish-main-tmp/src/test/mensalidadesPanel.test.jsx:100:33)
    at Object.react_stack_bottom_frame (C:\Users\Usuario\Desktop\JIU 
JITSU\.publish-main-tmp\node_modules\react-dom\cjs\react-dom-client.development.js:25904:20)
    at renderWithHooks (C:\Users\Usuario\Desktop\JIU 
JITSU\.publish-main-tmp\node_modules\react-dom\cjs\react-dom-client.development.js:7662:22)
    at updateFunctionComponent (C:\Users\Usuario\Desktop\JIU 
JITSU\.publish-main-tmp\node_modules\react-dom\cjs\react-dom-client.development.js:10166:19)
    at beginWork (C:\Users\Usuario\Desktop\JIU 
JITSU\.publish-main-tmp\node_modules\react-dom\cjs\react-dom-client.development.js:11778:18)
    at runWithFiberInDEV (C:\Users\Usuario\Desktop\JIU 
JITSU\.publish-main-tmp\node_modules\react-dom\cjs\react-dom-client.development.js:874:13) {
  codeFrame: 'vi.mock(import("../lib/collectionOverdue.js"), async (importOriginal) => {\n' +
    '  const actual = await importOriginal()\n' +
    '  return {\n' +
    '    ...actual,\n' +
    '    // your mocked methods\n' +
    '  }\n' +
    '})'
}

stderr | src/test/mensalidadesPanel.test.jsx > MensalidadesPanel > passa status exempt para a lista quando o plano do 
aluno e isento
Error handled by React Router default ErrorBoundary: Error: [vitest] No "resolveMensalidadeDueDate" export is defined 
on the "../lib/collectionOverdue.js" mock. Did you forget to return it from "vi.mock"?
If you need to partially mock a module, you can use "importOriginal" helper inside:

    at VitestMocker.createError (file:///C:/Users/Usuario/Desktop/JIU%20JITSU/.publish-main-tmp/node_modules/vitest/dis
t/chunks/startVitestModuleRunner.bRl2_oI_.js:62:17)
    at Object.get (file:///C:/Users/Usuario/Desktop/JIU%20JITSU/.publish-main-tmp/node_modules/vitest/dist/chunks/start
VitestModuleRunner.bRl2_oI_.js:324:16)
    at getRowStatus (C:/Users/Usuario/Desktop/JIU 
JITSU/.publish-main-tmp/src/components/finance/MensalidadesPanel.jsx:149:14)
    at getRowStatus (C:/Users/Usuario/Desktop/JIU 
JITSU/.publish-main-tmp/src/components/finance/MensalidadesPanel.jsx:1441:52)
    at default (C:/Users/Usuario/Desktop/JIU JITSU/.publish-main-tmp/src/test/mensalidadesPanel.test.jsx:100:33)
    at Object.react_stack_bottom_frame (C:\Users\Usuario\Desktop\JIU 
JITSU\.publish-main-tmp\node_modules\react-dom\cjs\react-dom-client.development.js:25904:20)
    at renderWithHooks (C:\Users\Usuario\Desktop\JIU 
JITSU\.publish-main-tmp\node_modules\react-dom\cjs\react-dom-client.development.js:7662:22)
    at updateFunctionComponent (C:\Users\Usuario\Desktop\JIU 
JITSU\.publish-main-tmp\node_modules\react-dom\cjs\react-dom-client.development.js:10166:19)
    at beginWork (C:\Users\Usuario\Desktop\JIU 
JITSU\.publish-main-tmp\node_modules\react-dom\cjs\react-dom-client.development.js:11778:18)
    at runWithFiberInDEV (C:\Users\Usuario\Desktop\JIU 
JITSU\.publish-main-tmp\node_modules\react-dom\cjs\react-dom-client.development.js:874:13) {
  codeFrame: 'vi.mock(import("../lib/collectionOverdue.js"), async (importOriginal) => {\n' +
    '  const actual = await importOriginal()\n' +
    '  return {\n' +
    '    ...actual,\n' +
    '    // your mocked methods\n' +
    '  }\n' +
    '})'
}
Error handled by React Router default ErrorBoundary: Error: [vitest] No "resolveMensalidadeDueDate" export is defined 
on the "../lib/collectionOverdue.js" mock. Did you forget to return it from "vi.mock"?
If you need to partially mock a module, you can use "importOriginal" helper inside:

    at VitestMocker.createError (file:///C:/Users/Usuario/Desktop/JIU%20JITSU/.publish-main-tmp/node_modules/vitest/dis
t/chunks/startVitestModuleRunner.bRl2_oI_.js:62:17)
    at Object.get (file:///C:/Users/Usuario/Desktop/JIU%20JITSU/.publish-main-tmp/node_modules/vitest/dist/chunks/start
VitestModuleRunner.bRl2_oI_.js:324:16)
    at getRowStatus (C:/Users/Usuario/Desktop/JIU 
JITSU/.publish-main-tmp/src/components/finance/MensalidadesPanel.jsx:149:14)
    at getRowStatus (C:/Users/Usuario/Desktop/JIU 
JITSU/.publish-main-tmp/src/components/finance/MensalidadesPanel.jsx:1441:52)
    at default (C:/Users/Usuario/Desktop/JIU JITSU/.publish-main-tmp/src/test/mensalidadesPanel.test.jsx:100:33)
    at Object.react_stack_bottom_frame (C:\Users\Usuario\Desktop\JIU 
JITSU\.publish-main-tmp\node_modules\react-dom\cjs\react-dom-client.development.js:25904:20)
    at renderWithHooks (C:\Users\Usuario\Desktop\JIU 
JITSU\.publish-main-tmp\node_modules\react-dom\cjs\react-dom-client.development.js:7662:22)
    at updateFunctionComponent (C:\Users\Usuario\Desktop\JIU 
JITSU\.publish-main-tmp\node_modules\react-dom\cjs\react-dom-client.development.js:10166:19)
    at beginWork (C:\Users\Usuario\Desktop\JIU 
JITSU\.publish-main-tmp\node_modules\react-dom\cjs\react-dom-client.development.js:11778:18)
    at runWithFiberInDEV (C:\Users\Usuario\Desktop\JIU 
JITSU\.publish-main-tmp\node_modules\react-dom\cjs\react-dom-client.development.js:874:13) {
  codeFrame: 'vi.mock(import("../lib/collectionOverdue.js"), async (importOriginal) => {\n' +
    '  const actual = await importOriginal()\n' +
    '  return {\n' +
    '    ...actual,\n' +
    '    // your mocked methods\n' +
    '  }\n' +
    '})'
}
Error: [vitest] No "resolveMensalidadeDueDate" export is defined on the "../lib/collectionOverdue.js" mock. Did you 
forget to return it from "vi.mock"?
If you need to partially mock a module, you can use "importOriginal" helper inside:

    at VitestMocker.createError (file:///C:/Users/Usuario/Desktop/JIU%20JITSU/.publish-main-tmp/node_modules/vitest/dis
t/chunks/startVitestModuleRunner.bRl2_oI_.js:62:17)
    at Object.get (file:///C:/Users/Usuario/Desktop/JIU%20JITSU/.publish-main-tmp/node_modules/vitest/dist/chunks/start
VitestModuleRunner.bRl2_oI_.js:324:16)
    at getRowStatus (C:/Users/Usuario/Desktop/JIU 
JITSU/.publish-main-tmp/src/components/finance/MensalidadesPanel.jsx:149:14)
    at getRowStatus (C:/Users/Usuario/Desktop/JIU 
JITSU/.publish-main-tmp/src/components/finance/MensalidadesPanel.jsx:1441:52)
    at default (C:/Users/Usuario/Desktop/JIU JITSU/.publish-main-tmp/src/test/mensalidadesPanel.test.jsx:100:33)
    at Object.react_stack_bottom_frame (C:\Users\Usuario\Desktop\JIU 
JITSU\.publish-main-tmp\node_modules\react-dom\cjs\react-dom-client.development.js:25904:20)
    at renderWithHooks (C:\Users\Usuario\Desktop\JIU 
JITSU\.publish-main-tmp\node_modules\react-dom\cjs\react-dom-client.development.js:7662:22)
    at updateFunctionComponent (C:\Users\Usuario\Desktop\JIU 
JITSU\.publish-main-tmp\node_modules\react-dom\cjs\react-dom-client.development.js:10166:19)
    at beginWork (C:\Users\Usuario\Desktop\JIU 
JITSU\.publish-main-tmp\node_modules\react-dom\cjs\react-dom-client.development.js:11778:18)
    at runWithFiberInDEV (C:\Users\Usuario\Desktop\JIU 
JITSU\.publish-main-tmp\node_modules\react-dom\cjs\react-dom-client.development.js:874:13) {
  [stack]: [Getter/Setter],
  [message]: '[vitest] No "resolveMensalidadeDueDate" export is defined on the "../lib/collectionOverdue.js" mock. Did 
you forget to return it from "vi.mock"?\n' +
    'If you need to partially mock a module, you can use "importOriginal" helper inside:\n',
  codeFrame: 'vi.mock(import("../lib/collectionOverdue.js"), async (importOriginal) => {\n' +
    '  const actual = await importOriginal()\n' +
    '  return {\n' +
    '    ...actual,\n' +
    '    // your mocked methods\n' +
    '  }\n' +
    '})'
}

The above error occurred in the <default> component.

React will try to recreate this component tree from scratch using the error boundary you provided, RenderErrorBoundary.

React Router caught the following error during render Error: [vitest] No "resolveMensalidadeDueDate" export is defined 
on the "../lib/collectionOverdue.js" mock. Did you forget to return it from "vi.mock"?
If you need to partially mock a module, you can use "importOriginal" helper inside:

    at VitestMocker.createError (file:///C:/Users/Usuario/Desktop/JIU%20JITSU/.publish-main-tmp/node_modules/vitest/dis
t/chunks/startVitestModuleRunner.bRl2_oI_.js:62:17)
    at Object.get (file:///C:/Users/Usuario/Desktop/JIU%20JITSU/.publish-main-tmp/node_modules/vitest/dist/chunks/start
VitestModuleRunner.bRl2_oI_.js:324:16)
    at getRowStatus (C:/Users/Usuario/Desktop/JIU 
JITSU/.publish-main-tmp/src/components/finance/MensalidadesPanel.jsx:149:14)
    at getRowStatus (C:/Users/Usuario/Desktop/JIU 
JITSU/.publish-main-tmp/src/components/finance/MensalidadesPanel.jsx:1441:52)
    at default (C:/Users/Usuario/Desktop/JIU JITSU/.publish-main-tmp/src/test/mensalidadesPanel.test.jsx:100:33)
    at Object.react_stack_bottom_frame (C:\Users\Usuario\Desktop\JIU 
JITSU\.publish-main-tmp\node_modules\react-dom\cjs\react-dom-client.development.js:25904:20)
    at renderWithHooks (C:\Users\Usuario\Desktop\JIU 
JITSU\.publish-main-tmp\node_modules\react-dom\cjs\react-dom-client.development.js:7662:22)
    at updateFunctionComponent (C:\Users\Usuario\Desktop\JIU 
JITSU\.publish-main-tmp\node_modules\react-dom\cjs\react-dom-client.development.js:10166:19)
    at beginWork (C:\Users\Usuario\Desktop\JIU 
JITSU\.publish-main-tmp\node_modules\react-dom\cjs\react-dom-client.development.js:11778:18)
    at runWithFiberInDEV (C:\Users\Usuario\Desktop\JIU 
JITSU\.publish-main-tmp\node_modules\react-dom\cjs\react-dom-client.development.js:874:13) {
  codeFrame: 'vi.mock(import("../lib/collectionOverdue.js"), async (importOriginal) => {\n' +
    '  const actual = await importOriginal()\n' +
    '  return {\n' +
    '    ...actual,\n' +
    '    // your mocked methods\n' +
    '  }\n' +
    '})'
}

 ÔØ» src/test/mensalidadesPanel.test.jsx (2 tests | 2 failed) 2981ms
     ├ù limpa o filtro de busca quando a rota volta sem o parametro search 1810ms
     ├ù passa status exempt para a lista quando o plano do aluno e isento 1163ms
 ÔØ» lib/server/agentActionInterpret.test.js (3 tests | 1 failed) 5685ms
     ├ù detects freeze confirmation 5676ms
 ÔØ» src/test/bankReconciliationClientMatcher.test.js (13 tests | 1 failed) 157ms
       ├ù excludes accrual CMV from index 21ms
 ÔØ» src/test/salesPaymentBlock.test.jsx (3 tests | 2 failed) 1180ms
     ├ù mostra seletor de parcelas para cartao de credito 473ms
     ├ù reseta parcelas para 1 ao trocar de credito para pix 20ms
 ÔØ» tests/unit/finance/financeTxFields.test.js (61 tests | 1 failed) 422ms
       ├ù manual create defaults ledger_regime to cash 142ms
stderr | lib/server/__tests__/pagbankReconcileHandler.test.js > runPagbankReconcileCron > pagamento ausente no 
Appwrite ÔåÆ cria documento + financial_entry
 ÔØ» lib/server/__tests__/pagbankReconcileHandler.test.js (8 tests | 2 failed) 47ms
     ├ù pagamento ausente no Appwrite ÔåÆ cria documento + financial_entry 25ms
     ├ù unit: cria pagamento reconciliado 5ms
[pagbankReconcileHandler] error academy: ac-1 subscription: SUBS_1 loadStudentDocForPagbank is not defined


ÔÄ»ÔÄ»ÔÄ»ÔÄ»ÔÄ»ÔÄ» Failed Suites 1 ÔÄ»ÔÄ»ÔÄ»ÔÄ»ÔÄ»ÔÄ»ÔÄ»

 FAIL  src/test/studentProfilePaymentFlow.test.jsx [ src/test/studentProfilePaymentFlow.test.jsx ]
Error: [vitest] No "DISCOUNT_TYPES" export is defined on the "../lib/planBilling.js" mock. Did you forget to return it 
from "vi.mock"?
If you need to partially mock a module, you can use "importOriginal" helper inside:

vi.mock(import("../lib/planBilling.js"), async (importOriginal) => {
  const actual = await importOriginal()
  return {
    ...actual,
    // your mocked methods
  }
})

 ÔØ» src/lib/enrollmentDiscountPresets.js:7:43
      5|
      6| export const DEFAULT_ENROLLMENT_DISCOUNT_PRESETS = [
      7|   { id: 'family', label: 'Fam├¡lia', type: DISCOUNT_TYPES.PERCENT, amouÔÇª
       |                                           ^
      8|   { id: 'public_security', label: 'Seguran├ºa p├║blica', type: DISCOUNT_ÔÇª
      9| ];
 ÔØ» src/components/shared/EnrollmentDiscountFields.jsx:9:1

ÔÄ»ÔÄ»ÔÄ»ÔÄ»ÔÄ»ÔÄ»ÔÄ»ÔÄ»ÔÄ»ÔÄ»ÔÄ»ÔÄ»ÔÄ»ÔÄ»ÔÄ»ÔÄ»ÔÄ»ÔÄ»ÔÄ»ÔÄ»ÔÄ»ÔÄ»ÔÄ»[1/15]ÔÄ»


ÔÄ»ÔÄ»ÔÄ»ÔÄ»ÔÄ»ÔÄ» Failed Tests 14 ÔÄ»ÔÄ»ÔÄ»ÔÄ»ÔÄ»ÔÄ»ÔÄ»

 FAIL  lib/server/agentActionInterpret.test.js > agentActionInterpret heuristic > detects freeze confirmation
Error: Test timed out in 5000ms.
If this is a long-running test, pass a timeout value as the last argument or configure it globally with "testTimeout".
 ÔØ» lib/server/agentActionInterpret.test.js:5:5
      3| // Test heuristic path only (no API)
      4| describe('agentActionInterpret heuristic', () => {
      5|   it('detects freeze confirmation', async () => {
       |     ^
      6|     const { interpretAgentAction } = await import('./agentActionInterpÔÇª
      7|     const out = await interpretAgentAction({

ÔÄ»ÔÄ»ÔÄ»ÔÄ»ÔÄ»ÔÄ»ÔÄ»ÔÄ»ÔÄ»ÔÄ»ÔÄ»ÔÄ»ÔÄ»ÔÄ»ÔÄ»ÔÄ»ÔÄ»ÔÄ»ÔÄ»ÔÄ»ÔÄ»ÔÄ»ÔÄ»[2/15]ÔÄ»

 FAIL  src/test/bankReconciliationClientMatcher.test.js > bankReconciliationClientMatcher > buildReconciliationIndex > 
excludes accrual CMV from index
AssertionError: expected 2 to be 1 // Object.is equality

- Expected
+ Received

- 1
+ 2

 ÔØ» src/test/bankReconciliationClientMatcher.test.js:69:33
     67|         },
     68|       ]);
     69|       expect(index.txById.size).toBe(1);
       |                                 ^
     70|       expect(index.txById.has('cmv')).toBe(false);
     71|     });

ÔÄ»ÔÄ»ÔÄ»ÔÄ»ÔÄ»ÔÄ»ÔÄ»ÔÄ»ÔÄ»ÔÄ»ÔÄ»ÔÄ»ÔÄ»ÔÄ»ÔÄ»ÔÄ»ÔÄ»ÔÄ»ÔÄ»ÔÄ»ÔÄ»ÔÄ»ÔÄ»[3/15]ÔÄ»

 FAIL  src/test/cobrancaPanel.test.jsx > CobrancaPanel > renderiza filtros de etapa e fila
TestingLibraryElementError: Unable to find an element with the text: Maria Silva. This could be because the text is 
broken up by multiple elements. In this case, you can provide a function for your text matcher to make your matcher 
more flexible.

Ignored nodes: comments, script, style
[36m<body>[39m
  [36m<div>[39m
    [36m<div[39m
      [33mclass[39m=[32m"navi-status-banner navi-status-banner--error"[39m
      [33mrole[39m=[32m"alert"[39m
    [36m>[39m
      [36m<svg[39m
        [33maria-hidden[39m=[32m"true"[39m
        [33mclass[39m=[32m"lucide lucide-circle-alert navi-status-banner__icon"[39m
        [33mfill[39m=[32m"none"[39m
        [33mheight[39m=[32m"18"[39m
        [33mstroke[39m=[32m"currentColor"[39m
        [33mstroke-linecap[39m=[32m"round"[39m
        [33mstroke-linejoin[39m=[32m"round"[39m
        [33mstroke-width[39m=[32m"2"[39m
        [33mviewBox[39m=[32m"0 0 24 24"[39m
        [33mwidth[39m=[32m"18"[39m
        [33mxmlns[39m=[32m"http://www.w3.org/2000/svg"[39m
      [36m>[39m
        [36m<circle[39m
          [33mcx[39m=[32m"12"[39m
          [33mcy[39m=[32m"12"[39m
          [33mr[39m=[32m"10"[39m
        [36m/>[39m
        [36m<line[39m
          [33mx1[39m=[32m"12"[39m
          [33mx2[39m=[32m"12"[39m
          [33my1[39m=[32m"8"[39m
          [33my2[39m=[32m"12"[39m
        [36m/>[39m
        [36m<line[39m
          [33mx1[39m=[32m"12"[39m
          [33mx2[39m=[32m"12.01"[39m
          [33my1[39m=[32m"16"[39m
          [33my2[39m=[32m"16"[39m
        [36m/>[39m
      [36m</svg>[39m
      [36m<span[39m
        [33mclass[39m=[32m"navi-status-banner__message"[39m
      [36m>[39m
        [0mN├úo foi poss├¡vel carregar a fila de cobran├ºa.[0m
      [36m</span>[39m
      [36m<button[39m
        [33mclass[39m=[32m"btn-secondary navi-status-banner__retry"[39m
        [33mtype[39m=[32m"button"[39m
      [36m>[39m
        [0mTentar novamente[0m
      [36m</button>[39m
    [36m</div>[39m
  [36m</div>[39m
[36m</body>[39m

Ignored nodes: comments, script, style
[36m<body>[39m
  [36m<div>[39m
    [36m<div[39m
      [33mclass[39m=[32m"navi-status-banner navi-status-banner--error"[39m
      [33mrole[39m=[32m"alert"[39m
    [36m>[39m
      [36m<svg[39m
        [33maria-hidden[39m=[32m"true"[39m
        [33mclass[39m=[32m"lucide lucide-circle-alert navi-status-banner__icon"[39m
        [33mfill[39m=[32m"none"[39m
        [33mheight[39m=[32m"18"[39m
        [33mstroke[39m=[32m"currentColor"[39m
        [33mstroke-linecap[39m=[32m"round"[39m
        [33mstroke-linejoin[39m=[32m"round"[39m
        [33mstroke-width[39m=[32m"2"[39m
        [33mviewBox[39m=[32m"0 0 24 24"[39m
        [33mwidth[39m=[32m"18"[39m
        [33mxmlns[39m=[32m"http://www.w3.org/2000/svg"[39m
      [36m>[39m
        [36m<circle[39m
          [33mcx[39m=[32m"12"[39m
          [33mcy[39m=[32m"12"[39m
          [33mr[39m=[32m"10"[39m
        [36m/>[39m
        [36m<line[39m
          [33mx1[39m=[32m"12"[39m
          [33mx2[39m=[32m"12"[39m
          [33my1[39m=[32m"8"[39m
          [33my2[39m=[32m"12"[39m
        [36m/>[39m
        [36m<line[39m
          [33mx1[39m=[32m"12"[39m
          [33mx2[39m=[32m"12.01"[39m
          [33my1[39m=[32m"16"[39m
          [33my2[39m=[32m"16"[39m
        [36m/>[39m
      [36m</svg>[39m
      [36m<span[39m
        [33mclass[39m=[32m"navi-status-banner__message"[39m
      [36m>[39m
        [0mN├úo foi poss├¡vel carregar a fila de cobran├ºa.[0m
      [36m</span>[39m
      [36m<button[39m
        [33mclass[39m=[32m"btn-secondary navi-status-banner__retry"[39m
        [33mtype[39m=[32m"button"[39m
      [36m>[39m
        [0mTentar novamente[0m
      [36m</button>[39m
    [36m</div>[39m
  [36m</div>[39m
[36m</body>[39m
 ÔØ» waitForWrapper node_modules/@testing-library/dom/dist/wait-for.js:163:27
 ÔØ» node_modules/@testing-library/dom/dist/query-helpers.js:86:33
 ÔØ» src/test/cobrancaPanel.test.jsx:52:25
     50|       </MemoryRouter>
     51|     );
     52|     expect(await screen.findByText('Maria Silva')).toBeTruthy();
       |                         ^
     53|     expect(screen.getByText('Filtrar por etapa da r├®gua')).toBeTruthy(ÔÇª
     54|     expect(screen.getByRole('button', { name: /Todos/i })).toBeTruthy(ÔÇª

ÔÄ»ÔÄ»ÔÄ»ÔÄ»ÔÄ»ÔÄ»ÔÄ»ÔÄ»ÔÄ»ÔÄ»ÔÄ»ÔÄ»ÔÄ»ÔÄ»ÔÄ»ÔÄ»ÔÄ»ÔÄ»ÔÄ»ÔÄ»ÔÄ»ÔÄ»ÔÄ»[4/15]ÔÄ»

 FAIL  src/test/cobrancaPanel.test.jsx > CobrancaPanel > expande meses em aberto
TestingLibraryElementError: Unable to find an element with the text: Maria Silva. This could be because the text is 
broken up by multiple elements. In this case, you can provide a function for your text matcher to make your matcher 
more flexible.

Ignored nodes: comments, script, style
[36m<body>[39m
  [36m<div>[39m
    [36m<div[39m
      [33mclass[39m=[32m"navi-status-banner navi-status-banner--error"[39m
      [33mrole[39m=[32m"alert"[39m
    [36m>[39m
      [36m<svg[39m
        [33maria-hidden[39m=[32m"true"[39m
        [33mclass[39m=[32m"lucide lucide-circle-alert navi-status-banner__icon"[39m
        [33mfill[39m=[32m"none"[39m
        [33mheight[39m=[32m"18"[39m
        [33mstroke[39m=[32m"currentColor"[39m
        [33mstroke-linecap[39m=[32m"round"[39m
        [33mstroke-linejoin[39m=[32m"round"[39m
        [33mstroke-width[39m=[32m"2"[39m
        [33mviewBox[39m=[32m"0 0 24 24"[39m
        [33mwidth[39m=[32m"18"[39m
        [33mxmlns[39m=[32m"http://www.w3.org/2000/svg"[39m
      [36m>[39m
        [36m<circle[39m
          [33mcx[39m=[32m"12"[39m
          [33mcy[39m=[32m"12"[39m
          [33mr[39m=[32m"10"[39m
        [36m/>[39m
        [36m<line[39m
          [33mx1[39m=[32m"12"[39m
          [33mx2[39m=[32m"12"[39m
          [33my1[39m=[32m"8"[39m
          [33my2[39m=[32m"12"[39m
        [36m/>[39m
        [36m<line[39m
          [33mx1[39m=[32m"12"[39m
          [33mx2[39m=[32m"12.01"[39m
          [33my1[39m=[32m"16"[39m
          [33my2[39m=[32m"16"[39m
        [36m/>[39m
      [36m</svg>[39m
      [36m<span[39m
        [33mclass[39m=[32m"navi-status-banner__message"[39m
      [36m>[39m
        [0mN├úo foi poss├¡vel carregar a fila de cobran├ºa.[0m
      [36m</span>[39m
      [36m<button[39m
        [33mclass[39m=[32m"btn-secondary navi-status-banner__retry"[39m
        [33mtype[39m=[32m"button"[39m
      [36m>[39m
        [0mTentar novamente[0m
      [36m</button>[39m
    [36m</div>[39m
  [36m</div>[39m
[36m</body>[39m

Ignored nodes: comments, script, style
[36m<body>[39m
  [36m<div>[39m
    [36m<div[39m
      [33mclass[39m=[32m"navi-status-banner navi-status-banner--error"[39m
      [33mrole[39m=[32m"alert"[39m
    [36m>[39m
      [36m<svg[39m
        [33maria-hidden[39m=[32m"true"[39m
        [33mclass[39m=[32m"lucide lucide-circle-alert navi-status-banner__icon"[39m
        [33mfill[39m=[32m"none"[39m
        [33mheight[39m=[32m"18"[39m
        [33mstroke[39m=[32m"currentColor"[39m
        [33mstroke-linecap[39m=[32m"round"[39m
        [33mstroke-linejoin[39m=[32m"round"[39m
        [33mstroke-width[39m=[32m"2"[39m
        [33mviewBox[39m=[32m"0 0 24 24"[39m
        [33mwidth[39m=[32m"18"[39m
        [33mxmlns[39m=[32m"http://www.w3.org/2000/svg"[39m
      [36m>[39m
        [36m<circle[39m
          [33mcx[39m=[32m"12"[39m
          [33mcy[39m=[32m"12"[39m
          [33mr[39m=[32m"10"[39m
        [36m/>[39m
        [36m<line[39m
          [33mx1[39m=[32m"12"[39m
          [33mx2[39m=[32m"12"[39m
          [33my1[39m=[32m"8"[39m
          [33my2[39m=[32m"12"[39m
        [36m/>[39m
        [36m<line[39m
          [33mx1[39m=[32m"12"[39m
          [33mx2[39m=[32m"12.01"[39m
          [33my1[39m=[32m"16"[39m
          [33my2[39m=[32m"16"[39m
        [36m/>[39m
      [36m</svg>[39m
      [36m<span[39m
        [33mclass[39m=[32m"navi-status-banner__message"[39m
      [36m>[39m
        [0mN├úo foi poss├¡vel carregar a fila de cobran├ºa.[0m
      [36m</span>[39m
      [36m<button[39m
        [33mclass[39m=[32m"btn-secondary navi-status-banner__retry"[39m
        [33mtype[39m=[32m"button"[39m
      [36m>[39m
        [0mTentar novamente[0m
      [36m</button>[39m
    [36m</div>[39m
  [36m</div>[39m
[36m</body>[39m
 ÔØ» waitForWrapper node_modules/@testing-library/dom/dist/wait-for.js:163:27
 ÔØ» node_modules/@testing-library/dom/dist/query-helpers.js:86:33
 ÔØ» src/test/cobrancaPanel.test.jsx:65:18
     63|       </MemoryRouter>
     64|     );
     65|     await screen.findByText('Maria Silva');
       |                  ^
     66|     const expandBtn = screen.getByRole('button', { name: /ver meses emÔÇª
     67|     fireEvent.click(expandBtn);

ÔÄ»ÔÄ»ÔÄ»ÔÄ»ÔÄ»ÔÄ»ÔÄ»ÔÄ»ÔÄ»ÔÄ»ÔÄ»ÔÄ»ÔÄ»ÔÄ»ÔÄ»ÔÄ»ÔÄ»ÔÄ»ÔÄ»ÔÄ»ÔÄ»ÔÄ»ÔÄ»[5/15]ÔÄ»

 FAIL  src/test/mensalidadesPanel.test.jsx > MensalidadesPanel > limpa o filtro de busca quando a rota volta sem o 
parametro search
TestingLibraryElementError: Unable to find an element by: [data-testid="mensal-search"]

Ignored nodes: comments, script, style
[36m<body>[39m
  [36m<div>[39m
    [36m<h2>[39m
      [0mUnexpected Application Error![0m
    [36m</h2>[39m
    [36m<h3[39m
      [33mstyle[39m=[32m"font-style: italic;"[39m
    [36m>[39m
      [0m[vitest] No "resolveMensalidadeDueDate" export is defined on the "../lib/collectionOverdue.js" mock. Did you 
forget to return it from "vi.mock"?
If you need to partially mock a module, you can use "importOriginal" helper inside:
[0m
    [36m</h3>[39m
    [36m<pre[39m
      [33mstyle[39m=[32m"padding: 0.5rem; background-color: rgba(200, 200, 200, 0.5);"[39m
    [36m>[39m
      [0mError: [vitest] No "resolveMensalidadeDueDate" export is defined on the "../lib/collectionOverdue.js" mock. 
Did you forget to return it from "vi.mock"?
If you need to partially mock a module, you can use "importOriginal" helper inside:

    at VitestMocker.createError (file:///C:/Users/Usuario/Desktop/JIU%20JITSU/.publish-main-tmp/node_modules/vitest/dis
t/chunks/startVitestModuleRunner.bRl2_oI_.js:62:17)
    at Object.get (file:///C:/Users/Usuario/Desktop/JIU%20JITSU/.publish-main-tmp/node_modules/vitest/dist/chunks/start
VitestModuleRunner.bRl2_oI_.js:324:16)
    at getRowStatus (C:/Users/Usuario/Desktop/JIU 
JITSU/.publish-main-tmp/src/components/finance/MensalidadesPanel.jsx:149:14)
    at getRowStatus (C:/Users/Usuario/Desktop/JIU 
JITSU/.publish-main-tmp/src/components/finance/MensalidadesPanel.jsx:1441:52)
    at default (C:/Users/Usuario/Desktop/JIU JITSU/.publish-main-tmp/src/test/mensalidadesPanel.test.jsx:100:33)
    at Object.react_stack_bottom_frame (C:\Users\Usuario\Desktop\JIU 
JITSU\.publish-main-tmp\node_modules\react-dom\cjs\react-dom-client.development.js:25904:20)
    at renderWithHooks (C:\Users\Usuario\Desktop\JIU 
JITSU\.publish-main-tmp\node_modules\react-dom\cjs\react-dom-client.development.js:7662:22)
    at updateFunctionComponent (C:\Users\Usuario\Desktop\JIU 
JITSU\.publish-main-tmp\node_modules\react-dom\cjs\react-dom-client.development.js:10166:19)
    at beginWork (C:\Users\Usuario\Desktop\JIU 
JITSU\.publish-main-tmp\node_modules\react-dom\cjs\react-dom-client.development.js:11778:18)
    at runWithFiberInDEV (C:\Users\Usuario\Desktop\JIU 
JITSU\.publish-main-tmp\node_modules\react-dom\cjs\react-dom-client.development.js:874:13)[0m
    [36m</pre>[39m
    [36m<p>[39m
      [0m­ƒÆ┐ Hey developer ­ƒæï[0m
    [36m</p>[39m
    [36m<p>[39m
      [0mYou can provide a way better UX than this when your app throws errors by providing your own [0m
      [36m<code[39m
        [33mstyle[39m=[32m"padding: 2px 4px; background-color: rgba(200, 200, 200, 0.5);"[39m
      [36m>[39m
        [0mErrorBoundary[0m
      [36m</code>[39m
      [0m or[0m
      [0m [0m
      [36m<code[39m
        [33mstyle[39m=[32m"padding: 2px 4px; background-color: rgba(200, 200, 200, 0.5);"[39m
      [36m>[39m
        [0merrorElement[0m
      [36m</code>[39m
      [0m prop on your route.[0m
    [36m</p>[39m
  [36m</div>[39m
[36m</body>[39m

Ignored nodes: comments, script, style
[36m<body>[39m
  [36m<div>[39m
    [36m<h2>[39m
      [0mUnexpected Application Error![0m
    [36m</h2>[39m
    [36m<h3[39m
      [33mstyle[39m=[32m"font-style: italic;"[39m
    [36m>[39m
      [0m[vitest] No "resolveMensalidadeDueDate" export is defined on the "../lib/collectionOverdue.js" mock. Did you 
forget to return it from "vi.mock"?
If you need to partially mock a module, you can use "importOriginal" helper inside:
[0m
    [36m</h3>[39m
    [36m<pre[39m
      [33mstyle[39m=[32m"padding: 0.5rem; background-color: rgba(200, 200, 200, 0.5);"[39m
    [36m>[39m
      [0mError: [vitest] No "resolveMensalidadeDueDate" export is defined on the "../lib/collectionOverdue.js" mock. 
Did you forget to return it from "vi.mock"?
If you need to partially mock a module, you can use "importOriginal" helper inside:

    at VitestMocker.createError (file:///C:/Users/Usuario/Desktop/JIU%20JITSU/.publish-main-tmp/node_modules/vitest/dis
t/chunks/startVitestModuleRunner.bRl2_oI_.js:62:17)
    at Object.get (file:///C:/Users/Usuario/Desktop/JIU%20JITSU/.publish-main-tmp/node_modules/vitest/dist/chunks/start
VitestModuleRunner.bRl2_oI_.js:324:16)
    at getRowStatus (C:/Users/Usuario/Desktop/JIU 
JITSU/.publish-main-tmp/src/components/finance/MensalidadesPanel.jsx:149:14)
    at getRowStatus (C:/Users/Usuario/Desktop/JIU 
JITSU/.publish-main-tmp/src/components/finance/MensalidadesPanel.jsx:1441:52)
    at default (C:/Users/Usuario/Desktop/JIU JITSU/.publish-main-tmp/src/test/mensalidadesPanel.test.jsx:100:33)
    at Object.react_stack_bottom_frame (C:\Users\Usuario\Desktop\JIU 
JITSU\.publish-main-tmp\node_modules\react-dom\cjs\react-dom-client.development.js:25904:20)
    at renderWithHooks (C:\Users\Usuario\Desktop\JIU 
JITSU\.publish-main-tmp\node_modules\react-dom\cjs\react-dom-client.development.js:7662:22)
    at updateFunctionComponent (C:\Users\Usuario\Desktop\JIU 
JITSU\.publish-main-tmp\node_modules\react-dom\cjs\react-dom-client.development.js:10166:19)
    at beginWork (C:\Users\Usuario\Desktop\JIU 
JITSU\.publish-main-tmp\node_modules\react-dom\cjs\react-dom-client.development.js:11778:18)
    at runWithFiberInDEV (C:\Users\Usuario\Desktop\JIU 
JITSU\.publish-main-tmp\node_modules\react-dom\cjs\react-dom-client.development.js:874:13)[0m
    [36m</pre>[39m
    [36m<p>[39m
      [0m­ƒÆ┐ Hey developer ­ƒæï[0m
    [36m</p>[39m
    [36m<p>[39m
      [0mYou can provide a way better UX than this when your app throws errors by providing your own [0m
      [36m<code[39m
        [33mstyle[39m=[32m"padding: 2px 4px; background-color: rgba(200, 200, 200, 0.5);"[39m
      [36m>[39m
        [0mErrorBoundary[0m
      [36m</code>[39m
      [0m or[0m
      [0m [0m
      [36m<code[39m
        [33mstyle[39m=[32m"padding: 2px 4px; background-color: rgba(200, 200, 200, 0.5);"[39m
      [36m>[39m
        [0merrorElement[0m
      [36m</code>[39m
      [0m prop on your route.[0m
    [36m</p>[39m
  [36m</div>[39m
[36m</body>[39m
 ÔØ» getRowStatus src/components/finance/MensalidadesPanel.jsx:149:14
    147|   return {
    148|     status: resolved.key,
    149|     dueDate: resolveMensalidadeDueDate(student, payment, currentMonth,ÔÇª
       |              ^
    150|     paidAt: row.paidAt || null,
    151|   };
 ÔØ» getRowStatus src/components/finance/MensalidadesPanel.jsx:1441:52
 ÔØ» default src/test/mensalidadesPanel.test.jsx:100:33
 ÔØ» Object.react_stack_bottom_frame node_modules/react-dom/cjs/react-dom-client.development.js:25904:20
 ÔØ» renderWithHooks node_modules/react-dom/cjs/react-dom-client.development.js:7662:22
 ÔØ» updateFunctionComponent node_modules/react-dom/cjs/react-dom-client.development.js:10166:19
 ÔØ» beginWork node_modules/react-dom/cjs/react-dom-client.development.js:11778:18
 ÔØ» waitForWrapper node_modules/@testing-library/dom/dist/wait-for.js:163:27
 ÔØ» node_modules/@testing-library/dom/dist/query-helpers.js:86:33
 ÔØ» src/test/mensalidadesPanel.test.jsx:277:38

ÔÄ»ÔÄ»ÔÄ»ÔÄ»ÔÄ»ÔÄ»ÔÄ»ÔÄ»ÔÄ»ÔÄ»ÔÄ»ÔÄ»ÔÄ»ÔÄ»ÔÄ»ÔÄ»ÔÄ»ÔÄ»ÔÄ»ÔÄ»ÔÄ»ÔÄ»ÔÄ»[6/15]ÔÄ»

 FAIL  src/test/mensalidadesPanel.test.jsx > MensalidadesPanel > passa status exempt para a lista quando o plano do 
aluno e isento
TestingLibraryElementError: Unable to find an element by: [data-testid="mensal-list-view"]

Ignored nodes: comments, script, style
[36m<body>[39m
  [36m<div>[39m
    [36m<h2>[39m
      [0mUnexpected Application Error![0m
    [36m</h2>[39m
    [36m<h3[39m
      [33mstyle[39m=[32m"font-style: italic;"[39m
    [36m>[39m
      [0m[vitest] No "resolveMensalidadeDueDate" export is defined on the "../lib/collectionOverdue.js" mock. Did you 
forget to return it from "vi.mock"?
If you need to partially mock a module, you can use "importOriginal" helper inside:
[0m
    [36m</h3>[39m
    [36m<pre[39m
      [33mstyle[39m=[32m"padding: 0.5rem; background-color: rgba(200, 200, 200, 0.5);"[39m
    [36m>[39m
      [0mError: [vitest] No "resolveMensalidadeDueDate" export is defined on the "../lib/collectionOverdue.js" mock. 
Did you forget to return it from "vi.mock"?
If you need to partially mock a module, you can use "importOriginal" helper inside:

    at VitestMocker.createError (file:///C:/Users/Usuario/Desktop/JIU%20JITSU/.publish-main-tmp/node_modules/vitest/dis
t/chunks/startVitestModuleRunner.bRl2_oI_.js:62:17)
    at Object.get (file:///C:/Users/Usuario/Desktop/JIU%20JITSU/.publish-main-tmp/node_modules/vitest/dist/chunks/start
VitestModuleRunner.bRl2_oI_.js:324:16)
    at getRowStatus (C:/Users/Usuario/Desktop/JIU 
JITSU/.publish-main-tmp/src/components/finance/MensalidadesPanel.jsx:149:14)
    at getRowStatus (C:/Users/Usuario/Desktop/JIU 
JITSU/.publish-main-tmp/src/components/finance/MensalidadesPanel.jsx:1441:52)
    at default (C:/Users/Usuario/Desktop/JIU JITSU/.publish-main-tmp/src/test/mensalidadesPanel.test.jsx:100:33)
    at Object.react_stack_bottom_frame (C:\Users\Usuario\Desktop\JIU 
JITSU\.publish-main-tmp\node_modules\react-dom\cjs\react-dom-client.development.js:25904:20)
    at renderWithHooks (C:\Users\Usuario\Desktop\JIU 
JITSU\.publish-main-tmp\node_modules\react-dom\cjs\react-dom-client.development.js:7662:22)
    at updateFunctionComponent (C:\Users\Usuario\Desktop\JIU 
JITSU\.publish-main-tmp\node_modules\react-dom\cjs\react-dom-client.development.js:10166:19)
    at beginWork (C:\Users\Usuario\Desktop\JIU 
JITSU\.publish-main-tmp\node_modules\react-dom\cjs\react-dom-client.development.js:11778:18)
    at runWithFiberInDEV (C:\Users\Usuario\Desktop\JIU 
JITSU\.publish-main-tmp\node_modules\react-dom\cjs\react-dom-client.development.js:874:13)[0m
    [36m</pre>[39m
    [36m<p>[39m
      [0m­ƒÆ┐ Hey developer ­ƒæï[0m
    [36m</p>[39m
    [36m<p>[39m
      [0mYou can provide a way better UX than this when your app throws errors by providing your own [0m
      [36m<code[39m
        [33mstyle[39m=[32m"padding: 2px 4px; background-color: rgba(200, 200, 200, 0.5);"[39m
      [36m>[39m
        [0mErrorBoundary[0m
      [36m</code>[39m
      [0m or[0m
      [0m [0m
      [36m<code[39m
        [33mstyle[39m=[32m"padding: 2px 4px; background-color: rgba(200, 200, 200, 0.5);"[39m
      [36m>[39m
        [0merrorElement[0m
      [36m</code>[39m
      [0m prop on your route.[0m
    [36m</p>[39m
  [36m</div>[39m
[36m</body>[39m

Ignored nodes: comments, script, style
[36m<html>[39m
  [36m<head />[39m
  [36m<body>[39m
    [36m<div>[39m
      [36m<h2>[39m
        [0mUnexpected Application Error![0m
      [36m</h2>[39m
      [36m<h3[39m
        [33mstyle[39m=[32m"font-style: italic;"[39m
      [36m>[39m
        [0m[vitest] No "resolveMensalidadeDueDate" export is defined on the "../lib/collectionOverdue.js" mock. Did 
you forget to return it from "vi.mock"?
If you need to partially mock a module, you can use "importOriginal" helper inside:
[0m
      [36m</h3>[39m
      [36m<pre[39m
        [33mstyle[39m=[32m"padding: 0.5rem; background-color: rgba(200, 200, 200, 0.5);"[39m
      [36m>[39m
        [0mError: [vitest] No "resolveMensalidadeDueDate" export is defined on the "../lib/collectionOverdue.js" 
mock. Did you forget to return it from "vi.mock"?
If you need to partially mock a module, you can use "importOriginal" helper inside:

    at VitestMocker.createError (file:///C:/Users/Usuario/Desktop/JIU%20JITSU/.publish-main-tmp/node_modules/vitest/dis
t/chunks/startVitestModuleRunner.bRl2_oI_.js:62:17)
    at Object.get (file:///C:/Users/Usuario/Desktop/JIU%20JITSU/.publish-main-tmp/node_modules/vitest/dist/chunks/start
VitestModuleRunner.bRl2_oI_.js:324:16)
    at getRowStatus (C:/Users/Usuario/Desktop/JIU 
JITSU/.publish-main-tmp/src/components/finance/MensalidadesPanel.jsx:149:14)
    at getRowStatus (C:/Users/Usuario/Desktop/JIU 
JITSU/.publish-main-tmp/src/components/finance/MensalidadesPanel.jsx:1441:52)
    at default (C:/Users/Usuario/Desktop/JIU JITSU/.publish-main-tmp/src/test/mensalidadesPanel.test.jsx:100:33)
    at Object.react_stack_bottom_frame (C:\Users\Usuario\Desktop\JIU 
JITSU\.publish-main-tmp\node_modules\react-dom\cjs\react-dom-client.development.js:25904:20)
    at renderWithHooks (C:\Users\Usuario\Desktop\JIU 
JITSU\.publish-main-tmp\node_modules\react-dom\cjs\react-dom-client.development.js:7662:22)
    at updateFunctionComponent (C:\Users\Usuario\Desktop\JIU 
JITSU\.publish-main-tmp\node_modules\react-dom\cjs\react-dom-client.development.js:10166:19)
    at beginWork (C:\Users\Usuario\Desktop\JIU 
JITSU\.publish-main-tmp\node_modules\react-dom\cjs\react-dom-client.development.js:11778:18)
    at runWithFiberInDEV (C:\Users\Usuario\Desktop\JIU 
JITSU\.publish-main-tmp\node_modules\react-dom\cjs\react-dom-client.development.js:874:13)[0m
      [36m</pre>[39m
      [36m<p>[39m
        [0m­ƒÆ┐ Hey developer ­ƒæï[0m
      [36m</p>[39m
      [36m<p>[39m
        [0mYou can provide a way better UX than this when your app throws errors by providing your own [0m
        [36m<code[39m
          [33mstyle[39m=[32m"padding: 2px 4px; background-color: rgba(200, 200, 200, 0.5);"[39m
        [36m>[39m
          [0mErrorBoundary[0m
        [36m</code>[39m
        [0m or[0m
        [0m [0m
        [36m<code[39m
          [33mstyle[39m=[32m"padding: 2px 4px; background-color: rgba(200, 200, 200, 0.5);"[39m
        [36m>[39m
          [0merrorElement[0m
        [36m</code>[39m
        [0m prop on your route.[0m
      [36m</p>[39m
    [36m</div>[39m
  [36m</body>[39m
[36m</html>[39m
 ÔØ» getRowStatus src/components/finance/MensalidadesPanel.jsx:149:14
    147|   return {
    148|     status: resolved.key,
    149|     dueDate: resolveMensalidadeDueDate(student, payment, currentMonth,ÔÇª
       |              ^
    150|     paidAt: row.paidAt || null,
    151|   };
 ÔØ» getRowStatus src/components/finance/MensalidadesPanel.jsx:1441:52
 ÔØ» default src/test/mensalidadesPanel.test.jsx:100:33
 ÔØ» Object.react_stack_bottom_frame node_modules/react-dom/cjs/react-dom-client.development.js:25904:20
 ÔØ» renderWithHooks node_modules/react-dom/cjs/react-dom-client.development.js:7662:22
 ÔØ» updateFunctionComponent node_modules/react-dom/cjs/react-dom-client.development.js:10166:19
 ÔØ» beginWork node_modules/react-dom/cjs/react-dom-client.development.js:11778:18
 ÔØ» Proxy.waitForWrapper node_modules/@testing-library/dom/dist/wait-for.js:163:27
 ÔØ» src/test/mensalidadesPanel.test.jsx:314:11

ÔÄ»ÔÄ»ÔÄ»ÔÄ»ÔÄ»ÔÄ»ÔÄ»ÔÄ»ÔÄ»ÔÄ»ÔÄ»ÔÄ»ÔÄ»ÔÄ»ÔÄ»ÔÄ»ÔÄ»ÔÄ»ÔÄ»ÔÄ»ÔÄ»ÔÄ»ÔÄ»[7/15]ÔÄ»

 FAIL  src/test/payment.test.js > Pagamentos de mensalidade > createPayment > com espelho FINANCIAL_TX e writeback 
desligado, n├úo chama updateDocument com financial_tx_id
AssertionError: expected "vi.fn()" to not be called at all, but actually been called 1 times

Received:

  1st vi.fn() call:

    Array [
      "db-pay",
      "payments-col",
      "pay-11b",
      Object {
        "financial_tx_sync_pending": false,
      },
    ]


Number of calls: 1

 ÔØ» src/test/payment.test.js:226:8
    224|       });
    225|       expect(paymentMocks.updateDocument).not.toHaveBeenCalled();
    226|     });
       |        ^
    227|
    228|     it('ap├│s espelho FINANCIAL_TX com sucesso, atualiza student_paymenÔÇª

ÔÄ»ÔÄ»ÔÄ»ÔÄ»ÔÄ»ÔÄ»ÔÄ»ÔÄ»ÔÄ»ÔÄ»ÔÄ»ÔÄ»ÔÄ»ÔÄ»ÔÄ»ÔÄ»ÔÄ»ÔÄ»ÔÄ»ÔÄ»ÔÄ»ÔÄ»ÔÄ»[8/15]ÔÄ»

 FAIL  src/test/salesPaymentBlock.test.jsx > SalesPaymentBlock > mostra seletor de parcelas para cartao de credito
 FAIL  src/test/salesPaymentBlock.test.jsx > SalesPaymentBlock > reseta parcelas para 1 ao trocar de credito para pix
TypeError: Cannot read properties of null (reading 'defaultFeeReceiverId')
 ÔØ» resolveFeeReceiverForPayment src/lib/resolveFeeReceiver.js:88:32
     86|   }
     87|
     88|   const defaultId = String(cfg.defaultFeeReceiverId || '').trim();
       |                                ^
     89|   if (defaultId) {
     90|     return resolveEffectiveFeeReceiver(cfg, findFeeReceiverById(cfg, dÔÇª
 ÔØ» requiresCardBrandForPayment src/lib/resolveFeeReceiver.js:100:20
 ÔØ» validateCardBrandForSubmit src/lib/captureMethodPaymentForm.js:86:33
 ÔØ» src/components/sales/SalesPaymentBlock.jsx:176:30
 ÔØ» SalesPaymentBlock src/components/sales/SalesPaymentBlock.jsx:147:19
 ÔØ» Object.react_stack_bottom_frame node_modules/react-dom/cjs/react-dom-client.development.js:25904:20
 ÔØ» renderWithHooks node_modules/react-dom/cjs/react-dom-client.development.js:7662:22
 ÔØ» updateFunctionComponent node_modules/react-dom/cjs/react-dom-client.development.js:10166:19
 ÔØ» beginWork node_modules/react-dom/cjs/react-dom-client.development.js:11778:18

ÔÄ»ÔÄ»ÔÄ»ÔÄ»ÔÄ»ÔÄ»ÔÄ»ÔÄ»ÔÄ»ÔÄ»ÔÄ»ÔÄ»ÔÄ»ÔÄ»ÔÄ»ÔÄ»ÔÄ»ÔÄ»ÔÄ»ÔÄ»ÔÄ»ÔÄ»ÔÄ»[9/15]ÔÄ»

 FAIL  src/test/useFinanceConfigState.test.js > useFinanceConfigState > recarrega do servidor quando o cache local tem 
contas mas os planos ainda estao vazios
AssertionError: expected "vi.fn()" to be called with arguments: [ 'acad-1', { force: true } ]

Received:

  1st vi.fn() call:

  [
    "acad-1",
    {
+     "allowClientFallback": false,
      "force": true,
    },
  ]


Number of calls: 1

 ÔØ» src/test/useFinanceConfigState.test.js:87:6
     85|
     86|     expect(financeHookMocks.getAcademyDocument).toHaveBeenCalledWith('ÔÇª
     87|   });
       |      ^
     88|
     89|   it('nao apaga contas e planos quando ensure-setup retorna financeConÔÇª

ÔÄ»ÔÄ»ÔÄ»ÔÄ»ÔÄ»ÔÄ»ÔÄ»ÔÄ»ÔÄ»ÔÄ»ÔÄ»ÔÄ»ÔÄ»ÔÄ»ÔÄ»ÔÄ»ÔÄ»ÔÄ»ÔÄ»ÔÄ»ÔÄ»ÔÄ»[10/15]ÔÄ»

 FAIL  lib/server/__tests__/pagbankMirrorOriginId.test.js > PagBank mirror origin_id > webhook paid: upsert antes do 
espelho e origin_id = student_payments.$id
AssertionError: expected { Object (ok, error) } to deeply equal { ok: true }

- Expected
+ Received

  {
+   "error": "processing_failed",
    "ok": true,
  }

 ÔØ» lib/server/__tests__/pagbankMirrorOriginId.test.js:264:22
    262|
    263|     expect(res.body).toEqual({ ok: true });
    264|     expect(opOrder[0]).toBe('upsert');
       |                      ^
    265|     expect(opOrder).toContain('mirror');
    266|

ÔÄ»ÔÄ»ÔÄ»ÔÄ»ÔÄ»ÔÄ»ÔÄ»ÔÄ»ÔÄ»ÔÄ»ÔÄ»ÔÄ»ÔÄ»ÔÄ»ÔÄ»ÔÄ»ÔÄ»ÔÄ»ÔÄ»ÔÄ»ÔÄ»ÔÄ»[11/15]ÔÄ»

 FAIL  lib/server/__tests__/pagbankReconcileHandler.test.js > runPagbankReconcileCron > pagamento ausente no Appwrite 
ÔåÆ cria documento + financial_entry
AssertionError: expected +0 to be 1 // Object.is equality

- Expected
+ Received

- 1
+ 0

 ÔØ» lib/server/__tests__/pagbankReconcileHandler.test.js:159:18
    157|     expect(out.checked).toBe(1);
    158|     expect(out.created).toBe(1);
    159|     expect(mocks.createDocument).toHaveBeenCalledWith(
       |                  ^
    160|       'db-test',
    161|       expect.stringContaining('payments'),

ÔÄ»ÔÄ»ÔÄ»ÔÄ»ÔÄ»ÔÄ»ÔÄ»ÔÄ»ÔÄ»ÔÄ»ÔÄ»ÔÄ»ÔÄ»ÔÄ»ÔÄ»ÔÄ»ÔÄ»ÔÄ»ÔÄ»ÔÄ»ÔÄ»ÔÄ»[12/15]ÔÄ»

 FAIL  lib/server/__tests__/pagbankReconcileHandler.test.js > reconcileSubscription > unit: cria pagamento reconciliado
ReferenceError: loadStudentDocForPagbank is not defined
 ÔØ» Module.reconcileSubscription lib/server/pagbankReconcileHandler.js:179:24
    177|     });
    178|
    179|     const studentDoc = await loadStudentDocForPagbank(databases, DB_IDÔÇª
       |                        ^
    180|
    181|     const upsertResult = await upsertStudentPaymentFromPagbank({
 ÔØ» lib/server/__tests__/pagbankReconcileHandler.test.js:255:4

ÔÄ»ÔÄ»ÔÄ»ÔÄ»ÔÄ»ÔÄ»ÔÄ»ÔÄ»ÔÄ»ÔÄ»ÔÄ»ÔÄ»ÔÄ»ÔÄ»ÔÄ»ÔÄ»ÔÄ»ÔÄ»ÔÄ»ÔÄ»ÔÄ»ÔÄ»[13/15]ÔÄ»

 FAIL  tests/unit/finance/financeTxFields.test.js > financeTxFields > BLOCO 8 ÔÇö buildFinanceTxPayload > manual 
create defaults ledger_regime to cash
AssertionError: expected undefined to be 'cash' // Object.is equality

- Expected:
"cash"

+ Received:
undefined

 ÔØ» tests/unit/finance/financeTxFields.test.js:477:37
    475|     it('manual create defaults ledger_regime to cash', () => {
    476|       const payload = buildFinanceTxPayload(baseInput());
    477|       expect(payload.ledger_regime).toBe('cash');
       |                                     ^
    478|     });
    479|   });

ÔÄ»ÔÄ»ÔÄ»ÔÄ»ÔÄ»ÔÄ»ÔÄ»ÔÄ»ÔÄ»ÔÄ»ÔÄ»ÔÄ»ÔÄ»ÔÄ»ÔÄ»ÔÄ»ÔÄ»ÔÄ»ÔÄ»ÔÄ»ÔÄ»ÔÄ»[14/15]ÔÄ»

ÔÄ»ÔÄ»ÔÄ»ÔÄ»ÔÄ»ÔÄ» Unhandled Errors ÔÄ»ÔÄ»ÔÄ»ÔÄ»ÔÄ»ÔÄ»

Vitest caught 8 unhandled errors during the test run.
This might cause false positive tests. Resolve unhandled errors to make sure your tests are not affected.

ÔÄ»ÔÄ»ÔÄ»ÔÄ»ÔÄ»ÔÄ» Unhandled Error ÔÄ»ÔÄ»ÔÄ»ÔÄ»ÔÄ»ÔÄ»ÔÄ»
Error: [vitest-pool]: Failed to start forks worker for test files C:/Users/Usuario/Desktop/JIU 
JITSU/.publish-main-tmp/src/test/inboxListStatsCache.test.js.
 ÔØ» ../../JIU%20JITSU/.publish-main-tmp/node_modules/vitest/dist/chunks/cli-api.BfdDOPPI.js:3449:94
 ÔØ» Pool.schedule ../../JIU%20JITSU/.publish-main-tmp/node_modules/vitest/dist/chunks/cli-api.BfdDOPPI.js:3449:5

Caused by: Error: [vitest-pool-runner]: Timeout waiting for worker to respond
 ÔØ» Timeout.<anonymous> 
../../JIU%20JITSU/.publish-main-tmp/node_modules/vitest/dist/chunks/cli-api.BfdDOPPI.js:3029:58
 ÔØ» listOnTimeout node:internal/timers:588:17
 ÔØ» processTimers node:internal/timers:523:7


ÔÄ»ÔÄ»ÔÄ»ÔÄ»ÔÄ»ÔÄ» Unhandled Error ÔÄ»ÔÄ»ÔÄ»ÔÄ»ÔÄ»ÔÄ»ÔÄ»
Error: [vitest-pool]: Failed to start forks worker for test files C:/Users/Usuario/Desktop/JIU 
JITSU/.publish-main-tmp/src/test/bankReconciliationValidation.test.js.
 ÔØ» ../../JIU%20JITSU/.publish-main-tmp/node_modules/vitest/dist/chunks/cli-api.BfdDOPPI.js:3449:94
 ÔØ» Pool.schedule ../../JIU%20JITSU/.publish-main-tmp/node_modules/vitest/dist/chunks/cli-api.BfdDOPPI.js:3449:5

Caused by: Error: [vitest-pool-runner]: Timeout waiting for worker to respond
 ÔØ» Timeout.<anonymous> 
../../JIU%20JITSU/.publish-main-tmp/node_modules/vitest/dist/chunks/cli-api.BfdDOPPI.js:3029:58
 ÔØ» listOnTimeout node:internal/timers:588:17
 ÔØ» processTimers node:internal/timers:523:7


ÔÄ»ÔÄ»ÔÄ»ÔÄ»ÔÄ»ÔÄ» Unhandled Error ÔÄ»ÔÄ»ÔÄ»ÔÄ»ÔÄ»ÔÄ»ÔÄ»
Error: [vitest-pool]: Failed to start forks worker for test files C:/Users/Usuario/Desktop/JIU 
JITSU/.publish-main-tmp/lib/server/nlAcademyQuery.test.js.
 ÔØ» ../../JIU%20JITSU/.publish-main-tmp/node_modules/vitest/dist/chunks/cli-api.BfdDOPPI.js:3449:94
 ÔØ» Pool.schedule ../../JIU%20JITSU/.publish-main-tmp/node_modules/vitest/dist/chunks/cli-api.BfdDOPPI.js:3449:5

Caused by: Error: [vitest-pool-runner]: Timeout waiting for worker to respond
 ÔØ» Timeout.<anonymous> 
../../JIU%20JITSU/.publish-main-tmp/node_modules/vitest/dist/chunks/cli-api.BfdDOPPI.js:3029:58
 ÔØ» listOnTimeout node:internal/timers:588:17
 ÔØ» processTimers node:internal/timers:523:7


ÔÄ»ÔÄ»ÔÄ»ÔÄ»ÔÄ»ÔÄ» Unhandled Error ÔÄ»ÔÄ»ÔÄ»ÔÄ»ÔÄ»ÔÄ»ÔÄ»
Error: [vitest-pool]: Failed to start forks worker for test files C:/Users/Usuario/Desktop/JIU 
JITSU/.publish-main-tmp/src/test/inboxLeadMaps.test.js.
 ÔØ» ../../JIU%20JITSU/.publish-main-tmp/node_modules/vitest/dist/chunks/cli-api.BfdDOPPI.js:3449:94
 ÔØ» Pool.schedule ../../JIU%20JITSU/.publish-main-tmp/node_modules/vitest/dist/chunks/cli-api.BfdDOPPI.js:3449:5

Caused by: Error: [vitest-pool-runner]: Timeout waiting for worker to respond
 ÔØ» Timeout.<anonymous> 
../../JIU%20JITSU/.publish-main-tmp/node_modules/vitest/dist/chunks/cli-api.BfdDOPPI.js:3029:58
 ÔØ» listOnTimeout node:internal/timers:588:17
 ÔØ» processTimers node:internal/timers:523:7


ÔÄ»ÔÄ»ÔÄ»ÔÄ»ÔÄ»ÔÄ» Unhandled Error ÔÄ»ÔÄ»ÔÄ»ÔÄ»ÔÄ»ÔÄ»ÔÄ»
Error: [vitest-pool]: Failed to start forks worker for test files C:/Users/Usuario/Desktop/JIU 
JITSU/.publish-main-tmp/src/test/NaviChatThread.test.js.
 ÔØ» ../../JIU%20JITSU/.publish-main-tmp/node_modules/vitest/dist/chunks/cli-api.BfdDOPPI.js:3449:94
 ÔØ» Pool.schedule ../../JIU%20JITSU/.publish-main-tmp/node_modules/vitest/dist/chunks/cli-api.BfdDOPPI.js:3449:5

Caused by: Error: [vitest-pool-runner]: Timeout waiting for worker to respond
 ÔØ» Timeout.<anonymous> 
../../JIU%20JITSU/.publish-main-tmp/node_modules/vitest/dist/chunks/cli-api.BfdDOPPI.js:3029:58
 ÔØ» listOnTimeout node:internal/timers:588:17
 ÔØ» processTimers node:internal/timers:523:7


ÔÄ»ÔÄ»ÔÄ»ÔÄ»ÔÄ»ÔÄ» Unhandled Error ÔÄ»ÔÄ»ÔÄ»ÔÄ»ÔÄ»ÔÄ»ÔÄ»
Error: [vitest-pool]: Failed to start forks worker for test files C:/Users/Usuario/Desktop/JIU 
JITSU/.publish-main-tmp/src/test/proactiveHub.test.js.
 ÔØ» ../../JIU%20JITSU/.publish-main-tmp/node_modules/vitest/dist/chunks/cli-api.BfdDOPPI.js:3449:94
 ÔØ» Pool.schedule ../../JIU%20JITSU/.publish-main-tmp/node_modules/vitest/dist/chunks/cli-api.BfdDOPPI.js:3449:5

Caused by: Error: [vitest-pool-runner]: Timeout waiting for worker to respond
 ÔØ» Timeout.<anonymous> 
../../JIU%20JITSU/.publish-main-tmp/node_modules/vitest/dist/chunks/cli-api.BfdDOPPI.js:3029:58
 ÔØ» listOnTimeout node:internal/timers:588:17
 ÔØ» processTimers node:internal/timers:523:7


ÔÄ»ÔÄ»ÔÄ»ÔÄ»ÔÄ»ÔÄ» Unhandled Error ÔÄ»ÔÄ»ÔÄ»ÔÄ»ÔÄ»ÔÄ»ÔÄ»
Error: [vitest-pool]: Failed to start forks worker for test files C:/Users/Usuario/Desktop/JIU 
JITSU/.publish-main-tmp/src/test/useFollowupInboundRealtime.test.js.
 ÔØ» ../../JIU%20JITSU/.publish-main-tmp/node_modules/vitest/dist/chunks/cli-api.BfdDOPPI.js:3449:94
 ÔØ» Pool.schedule ../../JIU%20JITSU/.publish-main-tmp/node_modules/vitest/dist/chunks/cli-api.BfdDOPPI.js:3449:5

Caused by: Error: [vitest-pool-runner]: Timeout waiting for worker to respond
 ÔØ» Timeout.<anonymous> 
../../JIU%20JITSU/.publish-main-tmp/node_modules/vitest/dist/chunks/cli-api.BfdDOPPI.js:3029:58
 ÔØ» listOnTimeout node:internal/timers:588:17
 ÔØ» processTimers node:internal/timers:523:7


ÔÄ»ÔÄ»ÔÄ»ÔÄ»ÔÄ»ÔÄ» Unhandled Error ÔÄ»ÔÄ»ÔÄ»ÔÄ»ÔÄ»ÔÄ»ÔÄ»
Error: [vitest-pool]: Failed to start forks worker for test files C:/Users/Usuario/Desktop/JIU 
JITSU/.publish-main-tmp/src/test/mensalidadesExport.test.js.
 ÔØ» ../../JIU%20JITSU/.publish-main-tmp/node_modules/vitest/dist/chunks/cli-api.BfdDOPPI.js:3449:94
 ÔØ» Pool.schedule ../../JIU%20JITSU/.publish-main-tmp/node_modules/vitest/dist/chunks/cli-api.BfdDOPPI.js:3449:5

Caused by: Error: [vitest-pool-runner]: Timeout waiting for worker to respond
 ÔØ» Timeout.<anonymous> 
../../JIU%20JITSU/.publish-main-tmp/node_modules/vitest/dist/chunks/cli-api.BfdDOPPI.js:3029:58
 ÔØ» listOnTimeout node:internal/timers:588:17
 ÔØ» processTimers node:internal/timers:523:7

ÔÄ»ÔÄ»ÔÄ»ÔÄ»ÔÄ»ÔÄ»ÔÄ»ÔÄ»ÔÄ»ÔÄ»ÔÄ»ÔÄ»ÔÄ»ÔÄ»ÔÄ»ÔÄ»ÔÄ»ÔÄ»ÔÄ»ÔÄ»ÔÄ»ÔÄ»ÔÄ»ÔÄ»ÔÄ»ÔÄ»ÔÄ»ÔÄ»ÔÄ»ÔÄ»


 Test Files  11 failed | 438 passed (449)
      Tests  14 failed | 2821 passed | 1 skipped (2836)
     Errors  8 errors
   Start at  00:55:50
   Duration  4777.58s (transform 118.91s, setup 1605.71s, import 400.90s, tests 155.15s, environment 10399.89s)

